─── Identity ───
  name: Miette
  born_at: golden-test
  age: <days>
─── Consciousness ───
  state: awake
  sleep_stage: —
  sleep_progress: 2/8
  sleep_summary: testing status report
─── Vitals ───
  fatigue: 0.42
  fatigue_state: normal
  pulse_rate: 1.0
  flow_rate: steady
  pulses_since_sleep: 42
  cycle: 1234
─── Mood ───
  current_state: focused
  creativity_level: 0.7
  precision_level: 0.8
─── Memory ───
  musings: 0
  conversations: 0
  signals: 0
  synapses: 0
  memories: 0
─── Recent activity ───
  last_dream_at: <ts>
  last_dream: —
  last_turn_at: <ts>
  last_turn: —
─── Bluebooks ───
  aggregates: <n>
  capabilities: <n>
─── Daemons ───
  mindstream: down
